// Jest Snapshot v1, https://goo.gl/fbAQLP

exports[`renders correctly 1`] = `
<div>
  <div>
    test
  </div>
  <Component
    className="btn-add"
    onClick={[Function]}
  />
</div>
`;
